Archive member included to satisfy reference by file (symbol)

c:/program files (x86)/atmel/studio/7.0/toolchain/avr8/avr8-gnu-toolchain/bin/../lib/gcc/avr/5.4.0/avr5\libgcc.a(_exit.o)
                              C:/Program Files (x86)/Atmel/Studio/7.0/Packs/atmel/ATmega_DFP/1.7.374/gcc/dev/atmega32/avr5/crtatmega32.o (exit)
c:/program files (x86)/atmel/studio/7.0/toolchain/avr8/avr8-gnu-toolchain/bin/../lib/gcc/avr/5.4.0/avr5\libgcc.a(_copy_data.o)
                              APP/Heater Control/src/WaterHeater_Control.o (__do_copy_data)
c:/program files (x86)/atmel/studio/7.0/toolchain/avr8/avr8-gnu-toolchain/bin/../lib/gcc/avr/5.4.0/avr5\libgcc.a(_clear_bss.o)
                              APP/Heater Control/src/WaterHeater_Control.o (__do_clear_bss)
c:/program files (x86)/atmel/studio/7.0/toolchain/avr8/avr8-gnu-toolchain/bin/../lib/gcc/avr/5.4.0/avr5\libgcc.a(_umulhisi3.o)
                              APP/Heater Control/src/WaterHeater_Control.o (__umulhisi3)

Discarded input sections

 .data          0x00000000        0x0 C:/Program Files (x86)/Atmel/Studio/7.0/Packs/atmel/ATmega_DFP/1.7.374/gcc/dev/atmega32/avr5/crtatmega32.o
 .bss           0x00000000        0x0 C:/Program Files (x86)/Atmel/Studio/7.0/Packs/atmel/ATmega_DFP/1.7.374/gcc/dev/atmega32/avr5/crtatmega32.o
 .text          0x00000000        0x0 APP/Heater Control/src/WaterHeater_Control.o
 .data          0x00000000        0x0 APP/Heater Control/src/WaterHeater_Control.o
 .bss           0x00000000        0x0 APP/Heater Control/src/WaterHeater_Control.o
 .text          0x00000000        0x0 APP/State Machine/src/StateMachine.o
 .data          0x00000000        0x0 APP/State Machine/src/StateMachine.o
 .bss           0x00000000        0x0 APP/State Machine/src/StateMachine.o
 .text          0x00000000        0x0 HAL/Button/src/Button.o
 .data          0x00000000        0x0 HAL/Button/src/Button.o
 .bss           0x00000000        0x0 HAL/Button/src/Button.o
 .text          0x00000000        0x0 HAL/Ceramic Heater/src/Ceramic_Heater.o
 .data          0x00000000        0x0 HAL/Ceramic Heater/src/Ceramic_Heater.o
 .bss           0x00000000        0x0 HAL/Ceramic Heater/src/Ceramic_Heater.o
 .text          0x00000000        0x0 HAL/LED/src/LED.o
 .data          0x00000000        0x0 HAL/LED/src/LED.o
 .bss           0x00000000        0x0 HAL/LED/src/LED.o
 .text          0x00000000        0x0 HAL/LM35/src/LM35.o
 .data          0x00000000        0x0 HAL/LM35/src/LM35.o
 .bss           0x00000000        0x0 HAL/LM35/src/LM35.o
 .text          0x00000000        0x0 HAL/Peltier/src/Peltier.o
 .data          0x00000000        0x0 HAL/Peltier/src/Peltier.o
 .bss           0x00000000        0x0 HAL/Peltier/src/Peltier.o
 .text          0x00000000        0x0 HAL/Relay/src/Relay.o
 .data          0x00000000        0x0 HAL/Relay/src/Relay.o
 .bss           0x00000000        0x0 HAL/Relay/src/Relay.o
 .text          0x00000000        0x0 HAL/SSD/src/SSD.o
 .data          0x00000000        0x0 HAL/SSD/src/SSD.o
 .bss           0x00000000        0x0 HAL/SSD/src/SSD.o
 .text          0x00000000        0x0 main.o
 .data          0x00000000        0x0 main.o
 .bss           0x00000000        0x0 main.o
 .text          0x00000000        0x0 MCAL/ADC/src/ADC.o
 .data          0x00000000        0x0 MCAL/ADC/src/ADC.o
 .bss           0x00000000        0x0 MCAL/ADC/src/ADC.o
 .text          0x00000000        0x0 MCAL/DIO/src/DIO.o
 .data          0x00000000        0x0 MCAL/DIO/src/DIO.o
 .bss           0x00000000        0x0 MCAL/DIO/src/DIO.o
 .text          0x00000000        0x0 MCAL/DIO/src/DIO_Cfg.o
 .data          0x00000000        0x0 MCAL/DIO/src/DIO_Cfg.o
 .bss           0x00000000        0x0 MCAL/DIO/src/DIO_Cfg.o
 .text          0x00000000        0x0 MCAL/EEPROM/src/EEPROM.o
 .data          0x00000000        0x0 MCAL/EEPROM/src/EEPROM.o
 .bss           0x00000000        0x0 MCAL/EEPROM/src/EEPROM.o
 .text          0x00000000        0x0 MCAL/EINT/src/EINT.o
 .data          0x00000000        0x0 MCAL/EINT/src/EINT.o
 .bss           0x00000000        0x0 MCAL/EINT/src/EINT.o
 .text.Ext_INT_Disable
                0x00000000       0x22 MCAL/EINT/src/EINT.o
 .text          0x00000000        0x0 MCAL/GINT/src/GINT.o
 .data          0x00000000        0x0 MCAL/GINT/src/GINT.o
 .bss           0x00000000        0x0 MCAL/GINT/src/GINT.o
 .text.GINT_Disable_AllInterrupts
                0x00000000        0x8 MCAL/GINT/src/GINT.o
 .text          0x00000000        0x0 MCAL/TIMER/src/Timer.o
 .data          0x00000000        0x0 MCAL/TIMER/src/Timer.o
 .bss           0x00000000        0x0 MCAL/TIMER/src/Timer.o
 .text.Timer0_SetPreload
                0x00000000        0x4 MCAL/TIMER/src/Timer.o
 .text.Timer0_GetPreload
                0x00000000        0x4 MCAL/TIMER/src/Timer.o
 .text.Timer0_EnableInterrupt
                0x00000000        0x8 MCAL/TIMER/src/Timer.o
 .text.Timer0_DisableInterrupt
                0x00000000        0x8 MCAL/TIMER/src/Timer.o
 .text.Timer2_SetPreload
                0x00000000        0x4 MCAL/TIMER/src/Timer.o
 .text.Timer2_GetPreload
                0x00000000        0x4 MCAL/TIMER/src/Timer.o
 .text.Timer2_EnableInterrupt
                0x00000000        0x8 MCAL/TIMER/src/Timer.o
 .text.Timer2_DisableInterrupt
                0x00000000        0x8 MCAL/TIMER/src/Timer.o
 .text          0x00000000        0x0 c:/program files (x86)/atmel/studio/7.0/toolchain/avr8/avr8-gnu-toolchain/bin/../lib/gcc/avr/5.4.0/avr5\libgcc.a(_exit.o)
 .data          0x00000000        0x0 c:/program files (x86)/atmel/studio/7.0/toolchain/avr8/avr8-gnu-toolchain/bin/../lib/gcc/avr/5.4.0/avr5\libgcc.a(_exit.o)
 .bss           0x00000000        0x0 c:/program files (x86)/atmel/studio/7.0/toolchain/avr8/avr8-gnu-toolchain/bin/../lib/gcc/avr/5.4.0/avr5\libgcc.a(_exit.o)
 .text.libgcc.mul
                0x00000000        0x0 c:/program files (x86)/atmel/studio/7.0/toolchain/avr8/avr8-gnu-toolchain/bin/../lib/gcc/avr/5.4.0/avr5\libgcc.a(_exit.o)
 .text.libgcc.div
                0x00000000        0x0 c:/program files (x86)/atmel/studio/7.0/toolchain/avr8/avr8-gnu-toolchain/bin/../lib/gcc/avr/5.4.0/avr5\libgcc.a(_exit.o)
 .text.libgcc   0x00000000        0x0 c:/program files (x86)/atmel/studio/7.0/toolchain/avr8/avr8-gnu-toolchain/bin/../lib/gcc/avr/5.4.0/avr5\libgcc.a(_exit.o)
 .text.libgcc.prologue
                0x00000000        0x0 c:/program files (x86)/atmel/studio/7.0/toolchain/avr8/avr8-gnu-toolchain/bin/../lib/gcc/avr/5.4.0/avr5\libgcc.a(_exit.o)
 .text.libgcc.builtins
                0x00000000        0x0 c:/program files (x86)/atmel/studio/7.0/toolchain/avr8/avr8-gnu-toolchain/bin/../lib/gcc/avr/5.4.0/avr5\libgcc.a(_exit.o)
 .text.libgcc.fmul
                0x00000000        0x0 c:/program files (x86)/atmel/studio/7.0/toolchain/avr8/avr8-gnu-toolchain/bin/../lib/gcc/avr/5.4.0/avr5\libgcc.a(_exit.o)
 .text.libgcc.fixed
                0x00000000        0x0 c:/program files (x86)/atmel/studio/7.0/toolchain/avr8/avr8-gnu-toolchain/bin/../lib/gcc/avr/5.4.0/avr5\libgcc.a(_exit.o)
 .text          0x00000000        0x0 c:/program files (x86)/atmel/studio/7.0/toolchain/avr8/avr8-gnu-toolchain/bin/../lib/gcc/avr/5.4.0/avr5\libgcc.a(_copy_data.o)
 .data          0x00000000        0x0 c:/program files (x86)/atmel/studio/7.0/toolchain/avr8/avr8-gnu-toolchain/bin/../lib/gcc/avr/5.4.0/avr5\libgcc.a(_copy_data.o)
 .bss           0x00000000        0x0 c:/program files (x86)/atmel/studio/7.0/toolchain/avr8/avr8-gnu-toolchain/bin/../lib/gcc/avr/5.4.0/avr5\libgcc.a(_copy_data.o)
 .text.libgcc.mul
                0x00000000        0x0 c:/program files (x86)/atmel/studio/7.0/toolchain/avr8/avr8-gnu-toolchain/bin/../lib/gcc/avr/5.4.0/avr5\libgcc.a(_copy_data.o)
 .text.libgcc.div
                0x00000000        0x0 c:/program files (x86)/atmel/studio/7.0/toolchain/avr8/avr8-gnu-toolchain/bin/../lib/gcc/avr/5.4.0/avr5\libgcc.a(_copy_data.o)
 .text.libgcc   0x00000000        0x0 c:/program files (x86)/atmel/studio/7.0/toolchain/avr8/avr8-gnu-toolchain/bin/../lib/gcc/avr/5.4.0/avr5\libgcc.a(_copy_data.o)
 .text.libgcc.prologue
                0x00000000        0x0 c:/program files (x86)/atmel/studio/7.0/toolchain/avr8/avr8-gnu-toolchain/bin/../lib/gcc/avr/5.4.0/avr5\libgcc.a(_copy_data.o)
 .text.libgcc.builtins
                0x00000000        0x0 c:/program files (x86)/atmel/studio/7.0/toolchain/avr8/avr8-gnu-toolchain/bin/../lib/gcc/avr/5.4.0/avr5\libgcc.a(_copy_data.o)
 .text.libgcc.fmul
                0x00000000        0x0 c:/program files (x86)/atmel/studio/7.0/toolchain/avr8/avr8-gnu-toolchain/bin/../lib/gcc/avr/5.4.0/avr5\libgcc.a(_copy_data.o)
 .text.libgcc.fixed
                0x00000000        0x0 c:/program files (x86)/atmel/studio/7.0/toolchain/avr8/avr8-gnu-toolchain/bin/../lib/gcc/avr/5.4.0/avr5\libgcc.a(_copy_data.o)
 .text          0x00000000        0x0 c:/program files (x86)/atmel/studio/7.0/toolchain/avr8/avr8-gnu-toolchain/bin/../lib/gcc/avr/5.4.0/avr5\libgcc.a(_clear_bss.o)
 .data          0x00000000        0x0 c:/program files (x86)/atmel/studio/7.0/toolchain/avr8/avr8-gnu-toolchain/bin/../lib/gcc/avr/5.4.0/avr5\libgcc.a(_clear_bss.o)
 .bss           0x00000000        0x0 c:/program files (x86)/atmel/studio/7.0/toolchain/avr8/avr8-gnu-toolchain/bin/../lib/gcc/avr/5.4.0/avr5\libgcc.a(_clear_bss.o)
 .text.libgcc.mul
                0x00000000        0x0 c:/program files (x86)/atmel/studio/7.0/toolchain/avr8/avr8-gnu-toolchain/bin/../lib/gcc/avr/5.4.0/avr5\libgcc.a(_clear_bss.o)
 .text.libgcc.div
                0x00000000        0x0 c:/program files (x86)/atmel/studio/7.0/toolchain/avr8/avr8-gnu-toolchain/bin/../lib/gcc/avr/5.4.0/avr5\libgcc.a(_clear_bss.o)
 .text.libgcc   0x00000000        0x0 c:/program files (x86)/atmel/studio/7.0/toolchain/avr8/avr8-gnu-toolchain/bin/../lib/gcc/avr/5.4.0/avr5\libgcc.a(_clear_bss.o)
 .text.libgcc.prologue
                0x00000000        0x0 c:/program files (x86)/atmel/studio/7.0/toolchain/avr8/avr8-gnu-toolchain/bin/../lib/gcc/avr/5.4.0/avr5\libgcc.a(_clear_bss.o)
 .text.libgcc.builtins
                0x00000000        0x0 c:/program files (x86)/atmel/studio/7.0/toolchain/avr8/avr8-gnu-toolchain/bin/../lib/gcc/avr/5.4.0/avr5\libgcc.a(_clear_bss.o)
 .text.libgcc.fmul
                0x00000000        0x0 c:/program files (x86)/atmel/studio/7.0/toolchain/avr8/avr8-gnu-toolchain/bin/../lib/gcc/avr/5.4.0/avr5\libgcc.a(_clear_bss.o)
 .text.libgcc.fixed
                0x00000000        0x0 c:/program files (x86)/atmel/studio/7.0/toolchain/avr8/avr8-gnu-toolchain/bin/../lib/gcc/avr/5.4.0/avr5\libgcc.a(_clear_bss.o)
 .text          0x00000000        0x0 c:/program files (x86)/atmel/studio/7.0/toolchain/avr8/avr8-gnu-toolchain/bin/../lib/gcc/avr/5.4.0/avr5\libgcc.a(_umulhisi3.o)
 .data          0x00000000        0x0 c:/program files (x86)/atmel/studio/7.0/toolchain/avr8/avr8-gnu-toolchain/bin/../lib/gcc/avr/5.4.0/avr5\libgcc.a(_umulhisi3.o)
 .bss           0x00000000        0x0 c:/program files (x86)/atmel/studio/7.0/toolchain/avr8/avr8-gnu-toolchain/bin/../lib/gcc/avr/5.4.0/avr5\libgcc.a(_umulhisi3.o)
 .text.libgcc.div
                0x00000000        0x0 c:/program files (x86)/atmel/studio/7.0/toolchain/avr8/avr8-gnu-toolchain/bin/../lib/gcc/avr/5.4.0/avr5\libgcc.a(_umulhisi3.o)
 .text.libgcc   0x00000000        0x0 c:/program files (x86)/atmel/studio/7.0/toolchain/avr8/avr8-gnu-toolchain/bin/../lib/gcc/avr/5.4.0/avr5\libgcc.a(_umulhisi3.o)
 .text.libgcc.prologue
                0x00000000        0x0 c:/program files (x86)/atmel/studio/7.0/toolchain/avr8/avr8-gnu-toolchain/bin/../lib/gcc/avr/5.4.0/avr5\libgcc.a(_umulhisi3.o)
 .text.libgcc.builtins
                0x00000000        0x0 c:/program files (x86)/atmel/studio/7.0/toolchain/avr8/avr8-gnu-toolchain/bin/../lib/gcc/avr/5.4.0/avr5\libgcc.a(_umulhisi3.o)
 .text.libgcc.fmul
                0x00000000        0x0 c:/program files (x86)/atmel/studio/7.0/toolchain/avr8/avr8-gnu-toolchain/bin/../lib/gcc/avr/5.4.0/avr5\libgcc.a(_umulhisi3.o)
 .text.libgcc.fixed
                0x00000000        0x0 c:/program files (x86)/atmel/studio/7.0/toolchain/avr8/avr8-gnu-toolchain/bin/../lib/gcc/avr/5.4.0/avr5\libgcc.a(_umulhisi3.o)

Memory Configuration

Name             Origin             Length             Attributes
text             0x00000000         0x00008000         xr
data             0x00800060         0x00000800         rw !x
eeprom           0x00810000         0x00000400         rw !x
fuse             0x00820000         0x00000002         rw !x
lock             0x00830000         0x00000400         rw !x
signature        0x00840000         0x00000400         rw !x
user_signatures  0x00850000         0x00000400         rw !x
*default*        0x00000000         0xffffffff

Linker script and memory map

LOAD C:/Program Files (x86)/Atmel/Studio/7.0/Packs/atmel/ATmega_DFP/1.7.374/gcc/dev/atmega32/avr5/crtatmega32.o
LOAD APP/Heater Control/src/WaterHeater_Control.o
LOAD APP/State Machine/src/StateMachine.o
LOAD HAL/Button/src/Button.o
LOAD HAL/Ceramic Heater/src/Ceramic_Heater.o
LOAD HAL/LED/src/LED.o
LOAD HAL/LM35/src/LM35.o
LOAD HAL/Peltier/src/Peltier.o
LOAD HAL/Relay/src/Relay.o
LOAD HAL/SSD/src/SSD.o
LOAD main.o
LOAD MCAL/ADC/src/ADC.o
LOAD MCAL/DIO/src/DIO.o
LOAD MCAL/DIO/src/DIO_Cfg.o
LOAD MCAL/EEPROM/src/EEPROM.o
LOAD MCAL/EINT/src/EINT.o
LOAD MCAL/GINT/src/GINT.o
LOAD MCAL/TIMER/src/Timer.o
START GROUP
LOAD c:/program files (x86)/atmel/studio/7.0/toolchain/avr8/avr8-gnu-toolchain/bin/../lib/gcc/avr/5.4.0/../../../../avr/lib/avr5\libm.a
END GROUP
START GROUP
LOAD c:/program files (x86)/atmel/studio/7.0/toolchain/avr8/avr8-gnu-toolchain/bin/../lib/gcc/avr/5.4.0/avr5\libgcc.a
LOAD c:/program files (x86)/atmel/studio/7.0/toolchain/avr8/avr8-gnu-toolchain/bin/../lib/gcc/avr/5.4.0/../../../../avr/lib/avr5\libm.a
LOAD c:/program files (x86)/atmel/studio/7.0/toolchain/avr8/avr8-gnu-toolchain/bin/../lib/gcc/avr/5.4.0/../../../../avr/lib/avr5\libc.a
LOAD C:/Program Files (x86)/Atmel/Studio/7.0/Packs/atmel/ATmega_DFP/1.7.374/gcc/dev/atmega32/avr5\libatmega32.a
END GROUP
                0x00000000                __TEXT_REGION_ORIGIN__ = DEFINED (__TEXT_REGION_ORIGIN__)?__TEXT_REGION_ORIGIN__:0x0
                [0x00800060]                __DATA_REGION_ORIGIN__ = DEFINED (__DATA_REGION_ORIGIN__)?__DATA_REGION_ORIGIN__:0x800060
                [0x00008000]                __TEXT_REGION_LENGTH__ = DEFINED (__TEXT_REGION_LENGTH__)?__TEXT_REGION_LENGTH__:0x20000
                [0x00000800]                __DATA_REGION_LENGTH__ = DEFINED (__DATA_REGION_LENGTH__)?__DATA_REGION_LENGTH__:0xffa0
                [0x00000400]                __EEPROM_REGION_LENGTH__ = DEFINED (__EEPROM_REGION_LENGTH__)?__EEPROM_REGION_LENGTH__:0x10000
                [0x00000002]                __FUSE_REGION_LENGTH__ = DEFINED (__FUSE_REGION_LENGTH__)?__FUSE_REGION_LENGTH__:0x400
                0x00000400                __LOCK_REGION_LENGTH__ = DEFINED (__LOCK_REGION_LENGTH__)?__LOCK_REGION_LENGTH__:0x400
                0x00000400                __SIGNATURE_REGION_LENGTH__ = DEFINED (__SIGNATURE_REGION_LENGTH__)?__SIGNATURE_REGION_LENGTH__:0x400
                0x00000400                __USER_SIGNATURE_REGION_LENGTH__ = DEFINED (__USER_SIGNATURE_REGION_LENGTH__)?__USER_SIGNATURE_REGION_LENGTH__:0x400

.hash
 *(.hash)

.dynsym
 *(.dynsym)

.dynstr
 *(.dynstr)

.gnu.version
 *(.gnu.version)

.gnu.version_d
 *(.gnu.version_d)

.gnu.version_r
 *(.gnu.version_r)

.rel.init
 *(.rel.init)

.rela.init
 *(.rela.init)

.rel.text
 *(.rel.text)
 *(.rel.text.*)
 *(.rel.gnu.linkonce.t*)

.rela.text
 *(.rela.text)
 *(.rela.text.*)
 *(.rela.gnu.linkonce.t*)

.rel.fini
 *(.rel.fini)

.rela.fini
 *(.rela.fini)

.rel.rodata
 *(.rel.rodata)
 *(.rel.rodata.*)
 *(.rel.gnu.linkonce.r*)

.rela.rodata
 *(.rela.rodata)
 *(.rela.rodata.*)
 *(.rela.gnu.linkonce.r*)

.rel.data
 *(.rel.data)
 *(.rel.data.*)
 *(.rel.gnu.linkonce.d*)

.rela.data
 *(.rela.data)
 *(.rela.data.*)
 *(.rela.gnu.linkonce.d*)

.rel.ctors
 *(.rel.ctors)

.rela.ctors
 *(.rela.ctors)

.rel.dtors
 *(.rel.dtors)

.rela.dtors
 *(.rela.dtors)

.rel.got
 *(.rel.got)

.rela.got
 *(.rela.got)

.rel.bss
 *(.rel.bss)

.rela.bss
 *(.rela.bss)

.rel.plt
 *(.rel.plt)

.rela.plt
 *(.rela.plt)

.text           0x00000000      0xe7c
 *(.vectors)
 .vectors       0x00000000       0x54 C:/Program Files (x86)/Atmel/Studio/7.0/Packs/atmel/ATmega_DFP/1.7.374/gcc/dev/atmega32/avr5/crtatmega32.o
                0x00000000                __vector_default
                0x00000000                __vectors
 *(.vectors)
 *(.progmem.gcc*)
                0x00000054                . = ALIGN (0x2)
                0x00000054                __trampolines_start = .
 *(.trampolines)
 .trampolines   0x00000054        0x0 linker stubs
 *(.trampolines*)
                0x00000054                __trampolines_end = .
 *libprintf_flt.a:*(.progmem.data)
 *libc.a:*(.progmem.data)
 *(.progmem*)
                0x00000054                . = ALIGN (0x2)
 *(.jumptables)
 *(.jumptables*)
 *(.lowtext)
 *(.lowtext*)
                0x00000054                __ctors_start = .
 *(.ctors)
                0x00000054                __ctors_end = .
                0x00000054                __dtors_start = .
 *(.dtors)
                0x00000054                __dtors_end = .
 SORT(*)(.ctors)
 SORT(*)(.dtors)
 *(.init0)
 .init0         0x00000054        0x0 C:/Program Files (x86)/Atmel/Studio/7.0/Packs/atmel/ATmega_DFP/1.7.374/gcc/dev/atmega32/avr5/crtatmega32.o
                0x00000054                __init
 *(.init0)
 *(.init1)
 *(.init1)
 *(.init2)
 .init2         0x00000054        0xc C:/Program Files (x86)/Atmel/Studio/7.0/Packs/atmel/ATmega_DFP/1.7.374/gcc/dev/atmega32/avr5/crtatmega32.o
 *(.init2)
 *(.init3)
 *(.init3)
 *(.init4)
 .init4         0x00000060       0x16 c:/program files (x86)/atmel/studio/7.0/toolchain/avr8/avr8-gnu-toolchain/bin/../lib/gcc/avr/5.4.0/avr5\libgcc.a(_copy_data.o)
                0x00000060                __do_copy_data
 .init4         0x00000076       0x10 c:/program files (x86)/atmel/studio/7.0/toolchain/avr8/avr8-gnu-toolchain/bin/../lib/gcc/avr/5.4.0/avr5\libgcc.a(_clear_bss.o)
                0x00000076                __do_clear_bss
 *(.init4)
 *(.init5)
 *(.init5)
 *(.init6)
 *(.init6)
 *(.init7)
 *(.init7)
 *(.init8)
 *(.init8)
 *(.init9)
 .init9         0x00000086        0x8 C:/Program Files (x86)/Atmel/Studio/7.0/Packs/atmel/ATmega_DFP/1.7.374/gcc/dev/atmega32/avr5/crtatmega32.o
 *(.init9)
 *(.text)
 .text          0x0000008e        0x4 C:/Program Files (x86)/Atmel/Studio/7.0/Packs/atmel/ATmega_DFP/1.7.374/gcc/dev/atmega32/avr5/crtatmega32.o
                0x0000008e                __vector_12
                0x0000008e                __bad_interrupt
                0x0000008e                __vector_6
                0x0000008e                __vector_3
                0x0000008e                __vector_13
                0x0000008e                __vector_17
                0x0000008e                __vector_19
                0x0000008e                __vector_7
                0x0000008e                __vector_4
                0x0000008e                __vector_9
                0x0000008e                __vector_2
                0x0000008e                __vector_15
                0x0000008e                __vector_8
                0x0000008e                __vector_14
                0x0000008e                __vector_10
                0x0000008e                __vector_16
                0x0000008e                __vector_18
                0x0000008e                __vector_20
                0x00000092                . = ALIGN (0x2)
 *(.text.*)
 .text.Read_WaterTemperature
                0x00000092       0xb6 APP/Heater Control/src/WaterHeater_Control.o
                0x00000092                Read_WaterTemperature
 .text.Blink_SetPointTemperature_and_HeaterLED
                0x00000148       0x6e APP/Heater Control/src/WaterHeater_Control.o
                0x00000148                Blink_SetPointTemperature_and_HeaterLED
 .text.WaterHeater_Control_Init
                0x000001b6       0x6c APP/Heater Control/src/WaterHeater_Control.o
                0x000001b6                WaterHeater_Control_Init
 .text.WaterHeater_Control
                0x00000222      0x194 APP/Heater Control/src/WaterHeater_Control.o
                0x00000222                WaterHeater_Control
 .text.Stop_WaterHeater_Operation
                0x000003b6       0x14 APP/Heater Control/src/WaterHeater_Control.o
                0x000003b6                Stop_WaterHeater_Operation
 .text.Change_WaterHeater_State
                0x000003ca       0x32 APP/State Machine/src/StateMachine.o
                0x000003ca                Change_WaterHeater_State
 .text.SM_Init  0x000003fc       0x1c APP/State Machine/src/StateMachine.o
                0x000003fc                SM_Init
 .text.SM       0x00000418       0x1c APP/State Machine/src/StateMachine.o
                0x00000418                SM
 .text.Button_Init
                0x00000434       0x1a HAL/Button/src/Button.o
                0x00000434                Button_Init
 .text.Button_getState
                0x0000044e        0x6 HAL/Button/src/Button.o
                0x0000044e                Button_getState
 .text.Heater_SetMode
                0x00000454       0x18 HAL/Ceramic Heater/src/Ceramic_Heater.o
                0x00000454                Heater_SetMode
 .text.Heater_Init
                0x0000046c       0x10 HAL/Ceramic Heater/src/Ceramic_Heater.o
                0x0000046c                Heater_Init
 .text.LED_Init
                0x0000047c       0x1a HAL/LED/src/LED.o
                0x0000047c                LED_Init
 .text.SetLED_ON
                0x00000496        0x8 HAL/LED/src/LED.o
                0x00000496                SetLED_ON
 .text.SetLED_OFF
                0x0000049e        0x8 HAL/LED/src/LED.o
                0x0000049e                SetLED_OFF
 .text.Flip_LED
                0x000004a6        0x6 HAL/LED/src/LED.o
                0x000004a6                Flip_LED
 .text.LM35_Init
                0x000004ac        0x6 HAL/LM35/src/LM35.o
                0x000004ac                LM35_Init
 .text.LM35_Read
                0x000004b2       0x14 HAL/LM35/src/LM35.o
                0x000004b2                LM35_Read
 .text.Peltier_SetMode
                0x000004c6       0x18 HAL/Peltier/src/Peltier.o
                0x000004c6                Peltier_SetMode
 .text.Peltier_Init
                0x000004de       0x10 HAL/Peltier/src/Peltier.o
                0x000004de                Peltier_Init
 .text.Relay_Init
                0x000004ee       0x22 HAL/Relay/src/Relay.o
                0x000004ee                Relay_Init
 .text.Relay_switchON
                0x00000510        0x8 HAL/Relay/src/Relay.o
                0x00000510                Relay_switchON
 .text.Relay_switchOFF
                0x00000518        0x8 HAL/Relay/src/Relay.o
                0x00000518                Relay_switchOFF
 .text.SSD_Init
                0x00000520       0x12 HAL/SSD/src/SSD.o
                0x00000520                SSD_Init
 .text.SSD_WriteNum
                0x00000532       0x88 HAL/SSD/src/SSD.o
                0x00000532                SSD_WriteNum
 .text.main     0x000005ba        0xe main.o
                0x000005ba                main
 .text.ADC_Init
                0x000005c8       0x26 MCAL/ADC/src/ADC.o
                0x000005c8                ADC_Init
 .text.ADC_Read
                0x000005ee       0x28 MCAL/ADC/src/ADC.o
                0x000005ee                ADC_Read
 .text.DIO_WriteChannel
                0x00000616      0x104 MCAL/DIO/src/DIO.o
                0x00000616                DIO_WriteChannel
 .text.DIO_ReadChannel
                0x0000071a       0x70 MCAL/DIO/src/DIO.o
                0x0000071a                DIO_ReadChannel
 .text.DIO_ToggleChannel
                0x0000078a       0x82 MCAL/DIO/src/DIO.o
                0x0000078a                DIO_ToggleChannel
 .text.DIO_ReadPort
                0x0000080c       0x24 MCAL/DIO/src/DIO.o
                0x0000080c                DIO_ReadPort
 .text.DIO_WritePort
                0x00000830       0x20 MCAL/DIO/src/DIO.o
                0x00000830                DIO_WritePort
 .text.DIO_ConfigureChannel
                0x00000850      0x104 MCAL/DIO/src/DIO.o
                0x00000850                DIO_ConfigureChannel
 .text.DIO_Init
                0x00000954      0x14c MCAL/DIO/src/DIO_Cfg.o
                0x00000954                DIO_Init
 .text.EEPROM_write
                0x00000aa0       0x18 MCAL/EEPROM/src/EEPROM.o
                0x00000aa0                EEPROM_write
 .text.EEPROM_read
                0x00000ab8       0x12 MCAL/EEPROM/src/EEPROM.o
                0x00000ab8                EEPROM_read
 .text.Ext_INT_Enable
                0x00000aca       0x22 MCAL/EINT/src/EINT.o
                0x00000aca                Ext_INT_Enable
 .text.Ext_INT_SnControl
                0x00000aec       0x3e MCAL/EINT/src/EINT.o
                0x00000aec                Ext_INT_SnControl
 .text.Ext_INT_SetCallBack
                0x00000b2a        0xa MCAL/EINT/src/EINT.o
                0x00000b2a                Ext_INT_SetCallBack
 .text.__vector_1
                0x00000b34       0x4e MCAL/EINT/src/EINT.o
                0x00000b34                __vector_1
 .text.GINT_Enable_AllInterrupts
                0x00000b82        0x8 MCAL/GINT/src/GINT.o
                0x00000b82                GINT_Enable_AllInterrupts
 .text.Timer0_Start
                0x00000b8a       0xa8 MCAL/TIMER/src/Timer.o
                0x00000b8a                Timer0_Start
 .text.Timer0_Init
                0x00000c32       0x30 MCAL/TIMER/src/Timer.o
                0x00000c32                Timer0_Init
 .text.Timer0_Stop
                0x00000c62       0x14 MCAL/TIMER/src/Timer.o
                0x00000c62                Timer0_Stop
 .text.__vector_11
                0x00000c76       0x72 MCAL/TIMER/src/Timer.o
                0x00000c76                __vector_11
 .text.Timer0_SetCallBack
                0x00000ce8        0xa MCAL/TIMER/src/Timer.o
                0x00000ce8                Timer0_SetCallBack
 .text.Timer2_Start
                0x00000cf2       0xa8 MCAL/TIMER/src/Timer.o
                0x00000cf2                Timer2_Start
 .text.Timer2_Init
                0x00000d9a       0x30 MCAL/TIMER/src/Timer.o
                0x00000d9a                Timer2_Init
 .text.Timer2_Stop
                0x00000dca       0x14 MCAL/TIMER/src/Timer.o
                0x00000dca                Timer2_Stop
 .text.__vector_5
                0x00000dde       0x72 MCAL/TIMER/src/Timer.o
                0x00000dde                __vector_5
 .text.Timer2_SetCallBack
                0x00000e50        0xa MCAL/TIMER/src/Timer.o
                0x00000e50                Timer2_SetCallBack
 .text.libgcc.mul
                0x00000e5a       0x1e c:/program files (x86)/atmel/studio/7.0/toolchain/avr8/avr8-gnu-toolchain/bin/../lib/gcc/avr/5.4.0/avr5\libgcc.a(_umulhisi3.o)
                0x00000e5a                __umulhisi3
                0x00000e78                . = ALIGN (0x2)
 *(.fini9)
 .fini9         0x00000e78        0x0 c:/program files (x86)/atmel/studio/7.0/toolchain/avr8/avr8-gnu-toolchain/bin/../lib/gcc/avr/5.4.0/avr5\libgcc.a(_exit.o)
                0x00000e78                _exit
                0x00000e78                exit
 *(.fini9)
 *(.fini8)
 *(.fini8)
 *(.fini7)
 *(.fini7)
 *(.fini6)
 *(.fini6)
 *(.fini5)
 *(.fini5)
 *(.fini4)
 *(.fini4)
 *(.fini3)
 *(.fini3)
 *(.fini2)
 *(.fini2)
 *(.fini1)
 *(.fini1)
 *(.fini0)
 .fini0         0x00000e78        0x4 c:/program files (x86)/atmel/studio/7.0/toolchain/avr8/avr8-gnu-toolchain/bin/../lib/gcc/avr/5.4.0/avr5\libgcc.a(_exit.o)
 *(.fini0)
                0x00000e7c                _etext = .

.data           0x00800060       0x42 load address 0x00000e7c
                0x00800060                PROVIDE (__data_start, .)
 *(.data)
 *(.data*)
 .data.Display_Flag
                0x00800060        0x1 APP/Heater Control/src/WaterHeater_Control.o
 .data.StartLEDTimer_Flag
                0x00800061        0x1 APP/Heater Control/src/WaterHeater_Control.o
 .data.PinCfg   0x00800062       0x40 MCAL/DIO/src/DIO_Cfg.o
                0x00800062                PinCfg
 *(.gnu.linkonce.d*)
 *(.rodata)
 *(.rodata*)
 *(.gnu.linkonce.r*)
                0x008000a2                . = ALIGN (0x2)
                0x008000a2                _edata = .
                0x008000a2                PROVIDE (__data_end, .)

.bss            0x008000a2       0x1a
                0x008000a2                PROVIDE (__bss_start, .)
 *(.bss)
 *(.bss*)
 .bss.Temp_Sum.1976
                0x008000a2        0x2 APP/Heater Control/src/WaterHeater_Control.o
 .bss.prevTemp.1975
                0x008000a4        0x1 APP/Heater Control/src/WaterHeater_Control.o
 .bss.TempReadings_Counter.1977
                0x008000a5        0x1 APP/Heater Control/src/WaterHeater_Control.o
 .bss.ButtonDebouncing_Flag.1962
                0x008000a6        0x1 APP/Heater Control/src/WaterHeater_Control.o
 .bss.TempDisplay_Flag
                0x008000a7        0x1 APP/Heater Control/src/WaterHeater_Control.o
 .bss.SSD_Blink_Flag
                0x008000a8        0x1 APP/Heater Control/src/WaterHeater_Control.o
 .bss.LED_Blink_Flag
                0x008000a9        0x1 APP/Heater Control/src/WaterHeater_Control.o
 .bss.StartSSDTimer_Flag
                0x008000aa        0x1 APP/Heater Control/src/WaterHeater_Control.o
 .bss.ButtonsReleased_Counter
                0x008000ab        0x1 APP/Heater Control/src/WaterHeater_Control.o
 .bss.Setpoint  0x008000ac        0x1 APP/Heater Control/src/WaterHeater_Control.o
 .bss.TempReadings_Avg
                0x008000ad        0x1 APP/Heater Control/src/WaterHeater_Control.o
 .bss.Temperature
                0x008000ae        0x1 APP/Heater Control/src/WaterHeater_Control.o
 .bss.WaterHeater_mode
                0x008000af        0x1 APP/Heater Control/src/WaterHeater_Control.o
 .bss.ButtonState_Flag
                0x008000b0        0x1 APP/State Machine/src/StateMachine.o
 .bss.state     0x008000b1        0x1 APP/State Machine/src/StateMachine.o
 .bss.ExtINT_CallBack_Ptr
                0x008000b2        0x2 MCAL/EINT/src/EINT.o
 .bss.ovfCounter.1696
                0x008000b4        0x2 MCAL/TIMER/src/Timer.o
 .bss.ovfCounter.1665
                0x008000b6        0x2 MCAL/TIMER/src/Timer.o
 .bss.Timer2_CallBack_Ptr
                0x008000b8        0x2 MCAL/TIMER/src/Timer.o
 .bss.Timer0_CallBack_Ptr
                0x008000ba        0x2 MCAL/TIMER/src/Timer.o
 *(COMMON)
                0x008000bc                PROVIDE (__bss_end, .)
                0x00000e7c                __data_load_start = LOADADDR (.data)
                0x00000ebe                __data_load_end = (__data_load_start + SIZEOF (.data))

.noinit         0x008000bc        0x0
                [!provide]                PROVIDE (__noinit_start, .)
 *(.noinit*)
                [!provide]                PROVIDE (__noinit_end, .)
                0x008000bc                _end = .
                [!provide]                PROVIDE (__heap_start, .)

.eeprom         0x00810000        0x0
 *(.eeprom*)
                0x00810000                __eeprom_end = .

.fuse
 *(.fuse)
 *(.lfuse)
 *(.hfuse)
 *(.efuse)

.lock
 *(.lock*)

.signature
 *(.signature*)

.user_signatures
 *(.user_signatures*)

.stab
 *(.stab)

.stabstr
 *(.stabstr)

.stab.excl
 *(.stab.excl)

.stab.exclstr
 *(.stab.exclstr)

.stab.index
 *(.stab.index)

.stab.indexstr
 *(.stab.indexstr)

.comment        0x00000000       0x30
 *(.comment)
 .comment       0x00000000       0x30 APP/Heater Control/src/WaterHeater_Control.o
                                 0x31 (size before relaxing)
 .comment       0x00000030       0x31 APP/State Machine/src/StateMachine.o
 .comment       0x00000030       0x31 HAL/Button/src/Button.o
 .comment       0x00000030       0x31 HAL/Ceramic Heater/src/Ceramic_Heater.o
 .comment       0x00000030       0x31 HAL/LED/src/LED.o
 .comment       0x00000030       0x31 HAL/LM35/src/LM35.o
 .comment       0x00000030       0x31 HAL/Peltier/src/Peltier.o
 .comment       0x00000030       0x31 HAL/Relay/src/Relay.o
 .comment       0x00000030       0x31 HAL/SSD/src/SSD.o
 .comment       0x00000030       0x31 main.o
 .comment       0x00000030       0x31 MCAL/ADC/src/ADC.o
 .comment       0x00000030       0x31 MCAL/DIO/src/DIO.o
 .comment       0x00000030       0x31 MCAL/DIO/src/DIO_Cfg.o
 .comment       0x00000030       0x31 MCAL/EEPROM/src/EEPROM.o
 .comment       0x00000030       0x31 MCAL/EINT/src/EINT.o
 .comment       0x00000030       0x31 MCAL/GINT/src/GINT.o
 .comment       0x00000030       0x31 MCAL/TIMER/src/Timer.o

.note.gnu.avr.deviceinfo
                0x00000000       0x3c
 .note.gnu.avr.deviceinfo
                0x00000000       0x3c C:/Program Files (x86)/Atmel/Studio/7.0/Packs/atmel/ATmega_DFP/1.7.374/gcc/dev/atmega32/avr5/crtatmega32.o

.note.gnu.build-id
 *(.note.gnu.build-id)

.debug
 *(.debug)

.line
 *(.line)

.debug_srcinfo
 *(.debug_srcinfo)

.debug_sfnames
 *(.debug_sfnames)

.debug_aranges  0x00000000      0x388
 *(.debug_aranges)
 .debug_aranges
                0x00000000       0x40 APP/Heater Control/src/WaterHeater_Control.o
 .debug_aranges
                0x00000040       0x30 APP/State Machine/src/StateMachine.o
 .debug_aranges
                0x00000070       0x28 HAL/Button/src/Button.o
 .debug_aranges
                0x00000098       0x28 HAL/Ceramic Heater/src/Ceramic_Heater.o
 .debug_aranges
                0x000000c0       0x38 HAL/LED/src/LED.o
 .debug_aranges
                0x000000f8       0x28 HAL/LM35/src/LM35.o
 .debug_aranges
                0x00000120       0x28 HAL/Peltier/src/Peltier.o
 .debug_aranges
                0x00000148       0x30 HAL/Relay/src/Relay.o
 .debug_aranges
                0x00000178       0x28 HAL/SSD/src/SSD.o
 .debug_aranges
                0x000001a0       0x20 main.o
 .debug_aranges
                0x000001c0       0x28 MCAL/ADC/src/ADC.o
 .debug_aranges
                0x000001e8       0x48 MCAL/DIO/src/DIO.o
 .debug_aranges
                0x00000230       0x20 MCAL/DIO/src/DIO_Cfg.o
 .debug_aranges
                0x00000250       0x28 MCAL/EEPROM/src/EEPROM.o
 .debug_aranges
                0x00000278       0x40 MCAL/EINT/src/EINT.o
 .debug_aranges
                0x000002b8       0x28 MCAL/GINT/src/GINT.o
 .debug_aranges
                0x000002e0       0xa8 MCAL/TIMER/src/Timer.o

.debug_pubnames
 *(.debug_pubnames)

.debug_info     0x00000000     0x2ee1
 *(.debug_info .gnu.linkonce.wi.*)
 .debug_info    0x00000000      0x4e6 C:/Program Files (x86)/Atmel/Studio/7.0/Packs/atmel/ATmega_DFP/1.7.374/gcc/dev/atmega32/avr5/crtatmega32.o
 .debug_info    0x000004e6      0x87d APP/Heater Control/src/WaterHeater_Control.o
 .debug_info    0x00000d63      0x357 APP/State Machine/src/StateMachine.o
 .debug_info    0x000010ba      0x209 HAL/Button/src/Button.o
 .debug_info    0x000012c3      0x20b HAL/Ceramic Heater/src/Ceramic_Heater.o
 .debug_info    0x000014ce      0x291 HAL/LED/src/LED.o
 .debug_info    0x0000175f      0x125 HAL/LM35/src/LM35.o
 .debug_info    0x00001884      0x20b HAL/Peltier/src/Peltier.o
 .debug_info    0x00001a8f      0x261 HAL/Relay/src/Relay.o
 .debug_info    0x00001cf0      0x3ff HAL/SSD/src/SSD.o
 .debug_info    0x000020ef       0xd7 main.o
 .debug_info    0x000021c6       0xf3 MCAL/ADC/src/ADC.o
 .debug_info    0x000022b9      0x358 MCAL/DIO/src/DIO.o
 .debug_info    0x00002611      0x242 MCAL/DIO/src/DIO_Cfg.o
 .debug_info    0x00002853       0xbd MCAL/EEPROM/src/EEPROM.o
 .debug_info    0x00002910      0x194 MCAL/EINT/src/EINT.o
 .debug_info    0x00002aa4       0x7b MCAL/GINT/src/GINT.o
 .debug_info    0x00002b1f      0x3c2 MCAL/TIMER/src/Timer.o

.debug_abbrev   0x00000000     0x11c2
 *(.debug_abbrev)
 .debug_abbrev  0x00000000      0x4a3 C:/Program Files (x86)/Atmel/Studio/7.0/Packs/atmel/ATmega_DFP/1.7.374/gcc/dev/atmega32/avr5/crtatmega32.o
 .debug_abbrev  0x000004a3       0xeb APP/Heater Control/src/WaterHeater_Control.o
 .debug_abbrev  0x0000058e       0xd5 APP/State Machine/src/StateMachine.o
 .debug_abbrev  0x00000663       0xd0 HAL/Button/src/Button.o
 .debug_abbrev  0x00000733       0xa5 HAL/Ceramic Heater/src/Ceramic_Heater.o
 .debug_abbrev  0x000007d8       0xa5 HAL/LED/src/LED.o
 .debug_abbrev  0x0000087d       0xce HAL/LM35/src/LM35.o
 .debug_abbrev  0x0000094b       0xa5 HAL/Peltier/src/Peltier.o
 .debug_abbrev  0x000009f0       0xa5 HAL/Relay/src/Relay.o
 .debug_abbrev  0x00000a95      0x15f HAL/SSD/src/SSD.o
 .debug_abbrev  0x00000bf4       0x7a main.o
 .debug_abbrev  0x00000c6e       0x96 MCAL/ADC/src/ADC.o
 .debug_abbrev  0x00000d04       0xd0 MCAL/DIO/src/DIO.o
 .debug_abbrev  0x00000dd4       0xae MCAL/DIO/src/DIO_Cfg.o
 .debug_abbrev  0x00000e82       0x80 MCAL/EEPROM/src/EEPROM.o
 .debug_abbrev  0x00000f02       0xb5 MCAL/EINT/src/EINT.o
 .debug_abbrev  0x00000fb7       0x44 MCAL/GINT/src/GINT.o
 .debug_abbrev  0x00000ffb      0x1c7 MCAL/TIMER/src/Timer.o

.debug_line     0x00000000     0x1b6d
 *(.debug_line .debug_line.* .debug_line_end)
 .debug_line    0x00000000      0x116 C:/Program Files (x86)/Atmel/Studio/7.0/Packs/atmel/ATmega_DFP/1.7.374/gcc/dev/atmega32/avr5/crtatmega32.o
 .debug_line    0x00000116      0x55b APP/Heater Control/src/WaterHeater_Control.o
 .debug_line    0x00000671      0x1ee APP/State Machine/src/StateMachine.o
 .debug_line    0x0000085f       0xbd HAL/Button/src/Button.o
 .debug_line    0x0000091c      0x10d HAL/Ceramic Heater/src/Ceramic_Heater.o
 .debug_line    0x00000a29       0xdd HAL/LED/src/LED.o
 .debug_line    0x00000b06       0xab HAL/LM35/src/LM35.o
 .debug_line    0x00000bb1       0xf1 HAL/Peltier/src/Peltier.o
 .debug_line    0x00000ca2       0xd1 HAL/Relay/src/Relay.o
 .debug_line    0x00000d73      0x213 HAL/SSD/src/SSD.o
 .debug_line    0x00000f86       0xb7 main.o
 .debug_line    0x0000103d       0xe1 MCAL/ADC/src/ADC.o
 .debug_line    0x0000111e      0x285 MCAL/DIO/src/DIO.o
 .debug_line    0x000013a3      0x10e MCAL/DIO/src/DIO_Cfg.o
 .debug_line    0x000014b1       0xc3 MCAL/EEPROM/src/EEPROM.o
 .debug_line    0x00001574      0x157 MCAL/EINT/src/EINT.o
 .debug_line    0x000016cb       0x7b MCAL/GINT/src/GINT.o
 .debug_line    0x00001746      0x427 MCAL/TIMER/src/Timer.o

.debug_frame    0x00000000      0x634
 *(.debug_frame)
 .debug_frame   0x00000000       0x6c APP/Heater Control/src/WaterHeater_Control.o
 .debug_frame   0x0000006c       0x44 APP/State Machine/src/StateMachine.o
 .debug_frame   0x000000b0       0x34 HAL/Button/src/Button.o
 .debug_frame   0x000000e4       0x34 HAL/Ceramic Heater/src/Ceramic_Heater.o
 .debug_frame   0x00000118       0x54 HAL/LED/src/LED.o
 .debug_frame   0x0000016c       0x34 HAL/LM35/src/LM35.o
 .debug_frame   0x000001a0       0x34 HAL/Peltier/src/Peltier.o
 .debug_frame   0x000001d4       0x44 HAL/Relay/src/Relay.o
 .debug_frame   0x00000218       0x44 HAL/SSD/src/SSD.o
 .debug_frame   0x0000025c       0x24 main.o
 .debug_frame   0x00000280       0x34 MCAL/ADC/src/ADC.o
 .debug_frame   0x000002b4       0x74 MCAL/DIO/src/DIO.o
 .debug_frame   0x00000328       0x24 MCAL/DIO/src/DIO_Cfg.o
 .debug_frame   0x0000034c       0x34 MCAL/EEPROM/src/EEPROM.o
 .debug_frame   0x00000380       0xac MCAL/EINT/src/EINT.o
 .debug_frame   0x0000042c       0x34 MCAL/GINT/src/GINT.o
 .debug_frame   0x00000460      0x1d4 MCAL/TIMER/src/Timer.o

.debug_str      0x00000000      0xff3
 *(.debug_str)
 .debug_str     0x00000000      0x196 C:/Program Files (x86)/Atmel/Studio/7.0/Packs/atmel/ATmega_DFP/1.7.374/gcc/dev/atmega32/avr5/crtatmega32.o
 .debug_str     0x00000196      0x7db APP/Heater Control/src/WaterHeater_Control.o
                                0x82d (size before relaxing)
 .debug_str     0x00000971      0x144 APP/State Machine/src/StateMachine.o
                                0x509 (size before relaxing)
 .debug_str     0x00000ab5       0x72 HAL/Button/src/Button.o
                                0x389 (size before relaxing)
 .debug_str     0x00000b27       0x55 HAL/Ceramic Heater/src/Ceramic_Heater.o
                                0x3cc (size before relaxing)
 .debug_str     0x00000b7c       0x42 HAL/LED/src/LED.o
                                0x3a1 (size before relaxing)
 .debug_str     0x00000bbe       0x3e HAL/LM35/src/LM35.o
                                0x1ff (size before relaxing)
 .debug_str     0x00000bfc       0x3a HAL/Peltier/src/Peltier.o
                                0x3c5 (size before relaxing)
 .debug_str     0x00000c36       0x21 HAL/Relay/src/Relay.o
                                0x394 (size before relaxing)
 .debug_str     0x00000c57       0xca HAL/SSD/src/SSD.o
                                0x488 (size before relaxing)
 .debug_str     0x00000d21       0x11 main.o
                                0x1c0 (size before relaxing)
 .debug_str     0x00000d32       0x16 MCAL/ADC/src/ADC.o
                                0x1f0 (size before relaxing)
 .debug_str     0x00000d48       0x63 MCAL/DIO/src/DIO.o
                                0x436 (size before relaxing)
 .debug_str     0x00000dab       0x35 MCAL/DIO/src/DIO_Cfg.o
                                0x3d5 (size before relaxing)
 .debug_str     0x00000de0       0x2d MCAL/EEPROM/src/EEPROM.o
                                0x188 (size before relaxing)
 .debug_str     0x00000e0d       0x6e MCAL/EINT/src/EINT.o
                                0x22b (size before relaxing)
 .debug_str     0x00000e7b       0x33 MCAL/GINT/src/GINT.o
                                0x188 (size before relaxing)
 .debug_str     0x00000eae      0x145 MCAL/TIMER/src/Timer.o
                                0x38a (size before relaxing)

.debug_loc      0x00000000     0x12c5
 *(.debug_loc)
 .debug_loc     0x00000000       0xd4 APP/Heater Control/src/WaterHeater_Control.o
 .debug_loc     0x000000d4       0x40 HAL/Button/src/Button.o
 .debug_loc     0x00000114       0x3a HAL/Ceramic Heater/src/Ceramic_Heater.o
 .debug_loc     0x0000014e       0x63 HAL/LED/src/LED.o
 .debug_loc     0x000001b1       0x54 HAL/LM35/src/LM35.o
 .debug_loc     0x00000205       0x3a HAL/Peltier/src/Peltier.o
 .debug_loc     0x0000023f       0x42 HAL/Relay/src/Relay.o
 .debug_loc     0x00000281      0x17f HAL/SSD/src/SSD.o
 .debug_loc     0x00000400       0x58 MCAL/ADC/src/ADC.o
 .debug_loc     0x00000458      0x674 MCAL/DIO/src/DIO.o
 .debug_loc     0x00000acc      0x167 MCAL/DIO/src/DIO_Cfg.o
 .debug_loc     0x00000c33       0x4c MCAL/EEPROM/src/EEPROM.o
 .debug_loc     0x00000c7f      0x222 MCAL/EINT/src/EINT.o
 .debug_loc     0x00000ea1      0x424 MCAL/TIMER/src/Timer.o

.debug_macinfo
 *(.debug_macinfo)

.debug_weaknames
 *(.debug_weaknames)

.debug_funcnames
 *(.debug_funcnames)

.debug_typenames
 *(.debug_typenames)

.debug_varnames
 *(.debug_varnames)

.debug_pubtypes
 *(.debug_pubtypes)

.debug_ranges   0x00000000      0x278
 *(.debug_ranges)
 .debug_ranges  0x00000000       0x30 APP/Heater Control/src/WaterHeater_Control.o
 .debug_ranges  0x00000030       0x20 APP/State Machine/src/StateMachine.o
 .debug_ranges  0x00000050       0x18 HAL/Button/src/Button.o
 .debug_ranges  0x00000068       0x18 HAL/Ceramic Heater/src/Ceramic_Heater.o
 .debug_ranges  0x00000080       0x28 HAL/LED/src/LED.o
 .debug_ranges  0x000000a8       0x18 HAL/LM35/src/LM35.o
 .debug_ranges  0x000000c0       0x18 HAL/Peltier/src/Peltier.o
 .debug_ranges  0x000000d8       0x20 HAL/Relay/src/Relay.o
 .debug_ranges  0x000000f8       0x18 HAL/SSD/src/SSD.o
 .debug_ranges  0x00000110       0x10 main.o
 .debug_ranges  0x00000120       0x18 MCAL/ADC/src/ADC.o
 .debug_ranges  0x00000138       0x38 MCAL/DIO/src/DIO.o
 .debug_ranges  0x00000170       0x10 MCAL/DIO/src/DIO_Cfg.o
 .debug_ranges  0x00000180       0x18 MCAL/EEPROM/src/EEPROM.o
 .debug_ranges  0x00000198       0x30 MCAL/EINT/src/EINT.o
 .debug_ranges  0x000001c8       0x18 MCAL/GINT/src/GINT.o
 .debug_ranges  0x000001e0       0x98 MCAL/TIMER/src/Timer.o

.debug_macro
 *(.debug_macro)
OUTPUT(Electric_Heater.elf elf32-avr)
LOAD linker stubs
